mode: set
github.com/appwrite/monitoring/logger.go:24.20,28.2 1 1
github.com/appwrite/monitoring/logger.go:30.82,34.2 3 0
github.com/appwrite/monitoring/logger.go:36.58,39.2 2 0
github.com/appwrite/monitoring/logger.go:41.62,44.2 2 0
github.com/appwrite/monitoring/logger.go:46.59,49.2 2 0
github.com/appwrite/monitoring/logger.go:51.60,54.2 2 0
github.com/appwrite/monitoring/logger.go:56.59,59.2 2 0
github.com/appwrite/monitoring/logger.go:61.60,64.2 2 0
github.com/appwrite/monitoring/logger.go:66.60,69.2 2 0
github.com/appwrite/monitoring/main.go:45.126,47.16 2 1
github.com/appwrite/monitoring/main.go:54.2,69.8 3 1
github.com/appwrite/monitoring/main.go:47.16,49.3 1 0
github.com/appwrite/monitoring/main.go:72.81,74.2 1 1
github.com/appwrite/monitoring/main.go:76.42,78.18 2 0
github.com/appwrite/monitoring/main.go:81.2,81.19 1 0
github.com/appwrite/monitoring/main.go:85.2,86.16 2 0
github.com/appwrite/monitoring/main.go:90.2,90.26 1 0
github.com/appwrite/monitoring/main.go:95.2,99.22 4 0
github.com/appwrite/monitoring/main.go:105.2,115.29 2 0
github.com/appwrite/monitoring/main.go:78.18,80.3 1 0
github.com/appwrite/monitoring/main.go:81.19,83.3 1 0
github.com/appwrite/monitoring/main.go:86.16,88.3 1 0
github.com/appwrite/monitoring/main.go:90.26,92.3 1 0
github.com/appwrite/monitoring/main.go:99.22,101.3 1 0
github.com/appwrite/monitoring/main.go:101.8,103.3 1 0
github.com/appwrite/monitoring/main.go:118.45,120.16 2 0
github.com/appwrite/monitoring/main.go:124.2,128.22 4 0
github.com/appwrite/monitoring/main.go:139.2,149.29 2 0
github.com/appwrite/monitoring/main.go:120.16,122.3 1 0
github.com/appwrite/monitoring/main.go:128.22,130.3 1 0
github.com/appwrite/monitoring/main.go:130.8,137.3 1 0
github.com/appwrite/monitoring/main.go:152.43,155.16 2 0
github.com/appwrite/monitoring/main.go:159.2,163.22 4 0
github.com/appwrite/monitoring/main.go:174.2,182.17 1 0
github.com/appwrite/monitoring/main.go:187.2,188.16 2 0
github.com/appwrite/monitoring/main.go:192.2,192.31 1 0
github.com/appwrite/monitoring/main.go:228.2,228.12 1 0
github.com/appwrite/monitoring/main.go:155.16,157.3 1 0
github.com/appwrite/monitoring/main.go:163.22,165.3 1 0
github.com/appwrite/monitoring/main.go:165.8,172.3 1 0
github.com/appwrite/monitoring/main.go:182.17,184.3 1 0
github.com/appwrite/monitoring/main.go:188.16,190.3 1 0
github.com/appwrite/monitoring/main.go:192.31,194.17 2 0
github.com/appwrite/monitoring/main.go:199.3,203.23 3 0
github.com/appwrite/monitoring/main.go:215.3,223.18 1 0
github.com/appwrite/monitoring/main.go:194.17,196.12 2 0
github.com/appwrite/monitoring/main.go:203.23,205.4 1 0
github.com/appwrite/monitoring/main.go:205.9,213.4 1 0
github.com/appwrite/monitoring/main.go:223.18,225.4 1 0
github.com/appwrite/monitoring/main.go:231.64,232.19 1 0
github.com/appwrite/monitoring/main.go:235.2,235.15 1 0
github.com/appwrite/monitoring/main.go:232.19,234.3 1 0
github.com/appwrite/monitoring/main.go:238.57,240.16 2 0
github.com/appwrite/monitoring/main.go:244.2,245.16 2 0
github.com/appwrite/monitoring/main.go:249.2,254.16 5 0
github.com/appwrite/monitoring/main.go:257.2,260.28 3 0
github.com/appwrite/monitoring/main.go:264.2,264.12 1 0
github.com/appwrite/monitoring/main.go:240.16,242.3 1 0
github.com/appwrite/monitoring/main.go:245.16,247.3 1 0
github.com/appwrite/monitoring/main.go:254.16,256.3 1 0
github.com/appwrite/monitoring/main.go:260.28,262.3 1 0
github.com/appwrite/monitoring/main.go:267.33,275.21 4 0
github.com/appwrite/monitoring/main.go:275.21,277.3 1 0
github.com/appwrite/monitoring/main.go:280.37,281.37 1 0
github.com/appwrite/monitoring/main.go:285.2,285.40 1 0
github.com/appwrite/monitoring/main.go:289.2,289.38 1 0
github.com/appwrite/monitoring/main.go:281.37,283.3 1 0
github.com/appwrite/monitoring/main.go:285.40,287.3 1 0
github.com/appwrite/monitoring/main.go:289.38,291.3 1 0
github.com/appwrite/monitoring/main.go:294.13,305.22 7 0
github.com/appwrite/monitoring/main.go:310.2,313.27 2 0
github.com/appwrite/monitoring/main.go:319.2,319.20 1 0
github.com/appwrite/monitoring/main.go:322.2,322.38 1 0
github.com/appwrite/monitoring/main.go:325.2,325.44 1 0
github.com/appwrite/monitoring/main.go:328.2,328.40 1 0
github.com/appwrite/monitoring/main.go:332.2,333.16 2 0
github.com/appwrite/monitoring/main.go:337.2,343.17 6 0
github.com/appwrite/monitoring/main.go:305.22,308.3 2 0
github.com/appwrite/monitoring/main.go:313.27,316.3 2 0
github.com/appwrite/monitoring/main.go:319.20,321.3 1 0
github.com/appwrite/monitoring/main.go:322.38,324.3 1 0
github.com/appwrite/monitoring/main.go:325.44,327.3 1 0
github.com/appwrite/monitoring/main.go:328.40,330.3 1 0
github.com/appwrite/monitoring/main.go:333.16,335.3 1 0
